[dotenv@17.2.3] injecting env (2) from .env.local -- tip: ΓÜÖ∩╕Å  suppress all logs with { quiet: true }
DEBUG: Project ID: gen-lang-client-0297032820
DEBUG: Creds: service-account.json
≡ƒº¬ Starting Sprint 05 Verification...

1. Generating Manifest...
node.exe : Failed to generate library manifest: ClientError: 
[VertexAI.ClientError]: got status: 404 Not Found. 
{"error":{"code":404,"message":"Publisher Model `projects/gen-lang-client-02970
32820/locations/us-central1/publishers/google/models/gemini-1.5-pro` was not 
found or your project does not have access to it. Please ensure you are using 
a valid model version. For more information, see: https://cloud.google.com/vert
ex-ai/generative-ai/docs/learn/model-versions","status":"NOT_FOUND"}}
At line:1 char:1
+ & "C:\Program Files\nodejs/node.exe" "C:\Program Files\nodejs/node_mo ...
+ ~~~~~~~~~~~~~~~~~~~~~~~~~~~~~~~~~~~~~~~~~~~~~~~~~~~~~~~~~~~~~~~~~~~~~
    + CategoryInfo          : NotSpecified: (Failed to gener...":"NOT_FOUND"}} 
   :String) [], RemoteException
    + FullyQualifiedErrorId : NativeCommandError
 
    at throwErrorIfNotOK (C:\GitHub\symbol-garden-2\node_modules\@google-cloud\
vertexai\src\functions\post_fetch_processing.ts:47:21)
    at process.processTicksAndRejections 
(node:internal/process/task_queues:103:5)
    ... 2 lines matching cause stack trace ...
    at async runTest 
(C:\GitHub\symbol-garden-2\scripts\test-sprint-05.ts:38:26) {
  stackTrace: GoogleApiError: Publisher Model `projects/gen-lang-client-0297032
820/locations/us-central1/publishers/google/models/gemini-1.5-pro` was not 
found or your project does not have access to it. Please ensure you are using 
a valid model version. For more information, see: 
https://cloud.google.com/vertex-ai/generative-ai/docs/learn/model-versions
      at throwErrorIfNotOK (C:\GitHub\symbol-garden-2\node_modules\@google-clou
d\vertexai\src\functions\post_fetch_processing.ts:49:9)
      at process.processTicksAndRejections 
(node:internal/process/task_queues:103:5)
      at async generateContent (C:\GitHub\symbol-garden-2\node_modules\@google-
cloud\vertexai\src\functions\generate_content.ts:94:3)
      at async generateLibraryManifest 
(C:\GitHub\symbol-garden-2\src\lib\style-analysis.ts:51:24)
      at async runTest 
(C:\GitHub\symbol-garden-2\scripts\test-sprint-05.ts:38:26) {
    code: 404,
    status: 'NOT_FOUND',
    errorDetails: undefined
  },
  [cause]: GoogleApiError: Publisher Model `projects/gen-lang-client-0297032820
/locations/us-central1/publishers/google/models/gemini-1.5-pro` was not found 
or your project does not have access to it. Please ensure you are using a 
valid model version. For more information, see: 
https://cloud.google.com/vertex-ai/generative-ai/docs/learn/model-versions
      at throwErrorIfNotOK (C:\GitHub\symbol-garden-2\node_modules\@google-clou
d\vertexai\src\functions\post_fetch_processing.ts:49:9)
      at process.processTicksAndRejections 
(node:internal/process/task_queues:103:5)
      at async generateContent (C:\GitHub\symbol-garden-2\node_modules\@google-
cloud\vertexai\src\functions\generate_content.ts:94:3)
      at async generateLibraryManifest 
(C:\GitHub\symbol-garden-2\src\lib\style-analysis.ts:51:24)
      at async runTest 
(C:\GitHub\symbol-garden-2\scripts\test-sprint-05.ts:38:26) {
    code: 404,
    status: 'NOT_FOUND',
Γ£à Manifest Generated:
 
    errorDetails: undefined
  }
}

Γ¥î Test Failed: Error: Manifest generation failed (empty string)
    at runTest (C:\GitHub\symbol-garden-2\scripts\test-sprint-05.ts:41:30)
    at process.processTicksAndRejections 
(node:internal/process/task_queues:103:5)
Assertion failed: !(handle->flags & UV_HANDLE_CLOSING), file src\win\async.c, 
line 76
